00:00:00.068051 VirtualBox GUI VM Selector Window 7.2.18 r175117 linux.amd64 (Sep 14 2026 15:54:26) release log
00:00:00.068053 Log opened 2026-09-20T10:13:29.188808000Z
00:00:00.068053 Build Type: release
00:00:00.068055 OS Product: Linux
00:00:00.068056 OS Release: 7.2.6-1-cachyos
00:00:00.068056 OS Version: #1 SMP PREEMPT_DYNAMIC Thu, 17 Sep 2026 10:26:35 +0000
00:00:00.068074 DMI Product Name: MS-7D42
00:00:00.068077 DMI Product Version: 1.0
00:00:00.068082 Firmware type: UEFI
00:00:00.068251 Secure Boot: Disabled
00:00:00.068281 Host RAM: 15842MB (15.4GB) total, 10557MB (10.3GB) available
00:00:00.068283 Executable: /opt/VirtualBox/VirtualBox
00:00:00.068284 Process ID: 139572
00:00:00.068284 Package type: LINUX_64BITS_GENERIC
00:00:00.068299 Qt version: 6.8.0
00:00:00.068533 GUI: UIMediumEnumerator: Initial medium-enumeration finished!
00:00:00.075350 GUI: UIMediumEnumerator: Medium-enumeration started...
00:00:00.357111 GUI: UIDesktopWidgetWatchdog::sltHandleHostScreenAvailableGeometryCalculated: Screen 0 work area is actually resized to: 1285x45 x 1265x688
00:00:00.362358 GUI: UIMediumEnumerator: Medium-enumeration finished!
00:00:02.510402 ERROR [COM]: aRC=NS_ERROR_UNEXPECTED (0x8000ffff) aIID={c0447716-ff5a-4795-b57a-ecd5fffa18a4} aComponent={SessionWrap} aText={The session is not locked (session state: Unlocked)}, preserve=false aResultDetail=0
00:00:08.903422 GUI: UICommon: Handling aboutToQuit request..
00:00:09.212381 GUI: UICommon: aboutToQuit request handled!
